Actions: {0: 'Hold', 1: 'Engage', 2: 'Incentive'}
State dim: 5
Agent interface defined.
      raw: d = 7
 harmonic: d = 11
   onehot: d = 29
distance(23:00, 00:00)  raw=0.261   onehot=1.414
All feature-encoder checks passed.
LinUCBAgent defined (Sherman-Morrison incremental inverse).
alpha=0.0   final regret=   17.32   mean ||theta_hat - theta*||=0.0270   arm pulls=[1635, 3725, 640]
alpha=0.5   final regret=   19.45   mean ||theta_hat - theta*||=0.0279   arm pulls=[1640, 3696, 664]
alpha=1.0   final regret=   31.70   mean ||theta_hat - theta*||=0.0291   arm pulls=[1642, 3674, 684]
alpha=0.0  PASS   regret 1st half= 17.24  2nd half=  0.08  max theta error=0.0541  inverse drift=1.63e-16
alpha=0.5  PASS   regret 1st half= 19.19  2nd half=  0.26  max theta error=0.0570  inverse drift=1.21e-16
alpha=1.0  PASS   regret 1st half= 30.87  2nd half=  0.83  max theta error=0.0626  inverse drift=2.19e-16

Implementation verified against a known ground truth.
5 archetypes defined: OfficeWorker, NightOwlStudent, NightShiftWorker, NormalStudent, Housewife
CANEEnv defined.
Eval protocol: 200 reserved episodes; training budget 600 episodes (~100,800 steps).
Fatigue after 14 consecutive sends: 1.0000 (saturates toward kappa/(1-lam) = 1.50, clipped at 1.0)
Fatigue after 5 sends: 0.614 -> after 10 holds: 0.214
AlwaysHold: reward=0.00, optout=0%  (pays only the fatigue-free baseline, earns nothing)
AlwaysSend: reward=-77.89, optout=100%, mean episode length=24h of 168

Environment sanity checks passed.
Feature ablation  (alpha=0.5, 600 train episodes, 5 seeds, 200 held-out episodes)

          agent  reward_mean  reward_std  reward_sem_std      ctr  sends_per_episode  optout_rate
    Fixed-18:00      -11.465      13.026           0.000    0.195              7.000        0.000
     LinUCB-raw      -51.094      62.644          70.038    0.052             20.760        0.185
  LinUCB-onehot      -68.013      55.574          62.133    0.084             28.913        0.303
         Random     -101.629      59.555           0.000    0.073             30.125        1.000
LinUCB-harmonic     -119.288      14.916          16.677    0.131             47.505        0.601
[elapsed 140s]
