Actions: {0: 'Hold', 1: 'Engage', 2: 'Incentive'}
State dim: 5
Agent interface defined.
      raw: d = 7
 harmonic: d = 11
   onehot: d = 29
distance(23:00, 00:00)  raw=0.261   onehot=1.414
All feature-encoder checks passed.
LinUCBAgent defined (Sherman-Morrison incremental inverse).
alpha=0.0   final regret=   17.32   mean ||theta_hat - theta*||=0.0270   arm pulls=[1635, 3725, 640]
alpha=0.5   final regret=   19.45   mean ||theta_hat - theta*||=0.0279   arm pulls=[1640, 3696, 664]
alpha=1.0   final regret=   31.70   mean ||theta_hat - theta*||=0.0291   arm pulls=[1642, 3674, 684]
alpha=0.0  PASS   regret 1st half= 17.24  2nd half=  0.08  max theta error=0.0541  inverse drift=1.63e-16
alpha=0.5  PASS   regret 1st half= 19.19  2nd half=  0.26  max theta error=0.0570  inverse drift=1.21e-16
alpha=1.0  PASS   regret 1st half= 30.87  2nd half=  0.83  max theta error=0.0626  inverse drift=2.19e-16

Implementation verified against a known ground truth.
5 archetypes defined: OfficeWorker, NightOwlStudent, NightShiftWorker, NormalStudent, Housewife
CANEEnv defined.
Eval protocol: 200 reserved episodes; training budget 600 episodes (~100,800 steps).
Fatigue after 14 consecutive sends: 1.0000 (saturates toward kappa/(1-lam) = 1.50, clipped at 1.0)
Fatigue after 5 sends: 0.614 -> after 10 holds: 0.214
AlwaysHold: reward=0.00, optout=0%  (pays only the fatigue-free baseline, earns nothing)
AlwaysSend: reward=-77.89, optout=100%, mean episode length=24h of 168

Environment sanity checks passed.
Feature ablation  (alpha=0.5, 600 train episodes, 5 seeds, 200 held-out episodes)

          agent  reward_mean  reward_std  reward_sem_std      ctr  sends_per_episode  optout_rate
    Fixed-18:00      -11.465      13.026           0.000    0.195              7.000        0.000
     LinUCB-raw      -51.094      62.644          70.038    0.052             20.760        0.185
  LinUCB-onehot      -68.013      55.574          62.133    0.084             28.913        0.303
         Random     -101.629      59.555           0.000    0.073             30.125        1.000
LinUCB-harmonic     -119.288      14.916          16.677    0.131             47.505        0.601
Break-even click probability for a single send
  discounted fatigue debt   W_fat*kappa/(1-lam) = 3.00
  + send cost                                   = 1.00
  TRUE break-even    p > 0.400   (what a full-MDP agent optimises)
  MYOPIC break-even  p > 0.100   (what LinUCB optimises)
  --> LinUCB considers a send worthwhile across a 4x wider range of contexts.

Oracle threshold sweep (privileged access; calibration only)

         agent  reward_mean      ctr  sends_per_episode  optout_rate
Oracle(p>0.10)      -65.940    0.210             45.640        0.625
Oracle(p>0.20)       28.425    0.349             41.990        0.065
Oracle(p>0.30)       50.556    0.434             29.795        0.005
Oracle(p>0.40)       56.694    0.536             19.805        0.000
Oracle(p>0.50)       44.772    0.617             12.005        0.000

Ceiling: Oracle(p>0.40) reaches +56.7, so the task is solvable and well posed.
An oracle forced to use LinUCB's myopic threshold (p > 0.10) instead scores -65.9
-- close to LinUCB's own measured score. The deficit is therefore attributable to the DECISION RULE, not to the encoding,
the implementation, or the environment.
Per-archetype performance  (LinUCB-onehot, alpha=0.5, 5 seeds)

       archetype   shared  specialist      gap  fixed18  ctr_shared  ctr_spec  sends_shared  sends_spec  optout_shared
    OfficeWorker   -63.17      -42.81    20.36    -5.89        0.09      0.12         29.28       31.03           0.31
 NightOwlStudent   -85.42      -13.98    71.44   -18.07        0.05      0.16         28.24       27.70           0.34
NightShiftWorker   -72.23      -25.86    46.37    -8.14        0.08      0.08         28.06       17.90           0.35
   NormalStudent   -69.20      -15.55    53.65    -9.88        0.08      0.04         29.20        9.49           0.33
       Housewife   -45.28      -35.91     9.37   -12.19        0.12      0.19         30.11       37.64           0.30

Mean cost of not knowing the user: +40.2 reward/episode
[elapsed 414s]
